Archive member included because of file (symbol)

c:/mingw/gnu/bin/../lib/gcc/arm-none-eabi/4.8.3/../../../../arm-none-eabi/lib/armv7e-m/fpu\libc_s.a(lib_a-fopencookie.o)
                              tmp/dev_serial.o (fopencookie)
c:/mingw/gnu/bin/../lib/gcc/arm-none-eabi/4.8.3/../../../../arm-none-eabi/lib/armv7e-m/fpu\libc_s.a(lib_a-fprintf.o)
                              tmp/main.o (fprintf)
c:/mingw/gnu/bin/../lib/gcc/arm-none-eabi/4.8.3/../../../../arm-none-eabi/lib/armv7e-m/fpu\libc_s.a(lib_a-fwrite.o)
                              tmp/main.o (fwrite)
c:/mingw/gnu/bin/../lib/gcc/arm-none-eabi/4.8.3/../../../../arm-none-eabi/lib/armv7e-m/fpu\libc_s.a(lib_a-impure.o)
                              c:/mingw/gnu/bin/../lib/gcc/arm-none-eabi/4.8.3/../../../../arm-none-eabi/lib/armv7e-m/fpu\libc_s.a(lib_a-fopencookie.o) (_impure_ptr)
c:/mingw/gnu/bin/../lib/gcc/arm-none-eabi/4.8.3/../../../../arm-none-eabi/lib/armv7e-m/fpu\libc_s.a(lib_a-memset.o)
                              tmp/llist.o (memset)
c:/mingw/gnu/bin/../lib/gcc/arm-none-eabi/4.8.3/../../../../arm-none-eabi/lib/armv7e-m/fpu\libc_s.a(lib_a-nano-freer.o)
                              c:/mingw/gnu/bin/../lib/gcc/arm-none-eabi/4.8.3/../../../../arm-none-eabi/lib/armv7e-m/fpu\libc_s.a(lib_a-fopencookie.o) (_free_r)
c:/mingw/gnu/bin/../lib/gcc/arm-none-eabi/4.8.3/../../../../arm-none-eabi/lib/armv7e-m/fpu\libc_s.a(lib_a-nano-mallocr.o)
                              c:/mingw/gnu/bin/../lib/gcc/arm-none-eabi/4.8.3/../../../../arm-none-eabi/lib/armv7e-m/fpu\libc_s.a(lib_a-fopencookie.o) (_malloc_r)
c:/mingw/gnu/bin/../lib/gcc/arm-none-eabi/4.8.3/../../../../arm-none-eabi/lib/armv7e-m/fpu\libc_s.a(lib_a-sbrkr.o)
                              c:/mingw/gnu/bin/../lib/gcc/arm-none-eabi/4.8.3/../../../../arm-none-eabi/lib/armv7e-m/fpu\libc_s.a(lib_a-nano-mallocr.o) (_sbrk_r)
c:/mingw/gnu/bin/../lib/gcc/arm-none-eabi/4.8.3/../../../../arm-none-eabi/lib/armv7e-m/fpu\libc_s.a(lib_a-setvbuf.o)
                              tmp/dev_serial.o (setvbuf)
c:/mingw/gnu/bin/../lib/gcc/arm-none-eabi/4.8.3/../../../../arm-none-eabi/lib/armv7e-m/fpu\libc_s.a(lib_a-vfprintf.o)
                              c:/mingw/gnu/bin/../lib/gcc/arm-none-eabi/4.8.3/../../../../arm-none-eabi/lib/armv7e-m/fpu\libc_s.a(lib_a-fprintf.o) (_vfprintf_r)
c:/mingw/gnu/bin/../lib/gcc/arm-none-eabi/4.8.3/../../../../arm-none-eabi/lib/armv7e-m/fpu\libc_s.a(lib_a-vfprintf_float.o)
                              (_printf_float)
c:/mingw/gnu/bin/../lib/gcc/arm-none-eabi/4.8.3/../../../../arm-none-eabi/lib/armv7e-m/fpu\libc_s.a(lib_a-vfprintf_i.o)
                              c:/mingw/gnu/bin/../lib/gcc/arm-none-eabi/4.8.3/../../../../arm-none-eabi/lib/armv7e-m/fpu\libc_s.a(lib_a-vfprintf_float.o) (_printf_common)
c:/mingw/gnu/bin/../lib/gcc/arm-none-eabi/4.8.3/../../../../arm-none-eabi/lib/armv7e-m/fpu\libc_s.a(lib_a-wbuf.o)
                              c:/mingw/gnu/bin/../lib/gcc/arm-none-eabi/4.8.3/../../../../arm-none-eabi/lib/armv7e-m/fpu\libc_s.a(lib_a-fwrite.o) (__swbuf_r)
c:/mingw/gnu/bin/../lib/gcc/arm-none-eabi/4.8.3/../../../../arm-none-eabi/lib/armv7e-m/fpu\libc_s.a(lib_a-wsetup.o)
                              c:/mingw/gnu/bin/../lib/gcc/arm-none-eabi/4.8.3/../../../../arm-none-eabi/lib/armv7e-m/fpu\libc_s.a(lib_a-fwrite.o) (__swsetup_r)
c:/mingw/gnu/bin/../lib/gcc/arm-none-eabi/4.8.3/../../../../arm-none-eabi/lib/armv7e-m/fpu\libc_s.a(lib_a-dtoa.o)
                              c:/mingw/gnu/bin/../lib/gcc/arm-none-eabi/4.8.3/../../../../arm-none-eabi/lib/armv7e-m/fpu\libc_s.a(lib_a-vfprintf_float.o) (_dtoa_r)
c:/mingw/gnu/bin/../lib/gcc/arm-none-eabi/4.8.3/../../../../arm-none-eabi/lib/armv7e-m/fpu\libc_s.a(lib_a-errno.o)
                              c:/mingw/gnu/bin/../lib/gcc/arm-none-eabi/4.8.3/../../../../arm-none-eabi/lib/armv7e-m/fpu\libc_s.a(lib_a-fopencookie.o) (__errno)
c:/mingw/gnu/bin/../lib/gcc/arm-none-eabi/4.8.3/../../../../arm-none-eabi/lib/armv7e-m/fpu\libc_s.a(lib_a-fflush.o)
                              c:/mingw/gnu/bin/../lib/gcc/arm-none-eabi/4.8.3/../../../../arm-none-eabi/lib/armv7e-m/fpu\libc_s.a(lib_a-setvbuf.o) (_fflush_r)
c:/mingw/gnu/bin/../lib/gcc/arm-none-eabi/4.8.3/../../../../arm-none-eabi/lib/armv7e-m/fpu\libc_s.a(lib_a-findfp.o)
                              c:/mingw/gnu/bin/../lib/gcc/arm-none-eabi/4.8.3/../../../../arm-none-eabi/lib/armv7e-m/fpu\libc_s.a(lib_a-setvbuf.o) (_cleanup_r)
c:/mingw/gnu/bin/../lib/gcc/arm-none-eabi/4.8.3/../../../../arm-none-eabi/lib/armv7e-m/fpu\libc_s.a(lib_a-flags.o)
                              c:/mingw/gnu/bin/../lib/gcc/arm-none-eabi/4.8.3/../../../../arm-none-eabi/lib/armv7e-m/fpu\libc_s.a(lib_a-fopencookie.o) (__sflags)
c:/mingw/gnu/bin/../lib/gcc/arm-none-eabi/4.8.3/../../../../arm-none-eabi/lib/armv7e-m/fpu\libc_s.a(lib_a-fvwrite.o)
                              c:/mingw/gnu/bin/../lib/gcc/arm-none-eabi/4.8.3/../../../../arm-none-eabi/lib/armv7e-m/fpu\libc_s.a(lib_a-vfprintf.o) (__sfvwrite_r)
[...]
Memory Configuration

Name             Origin             Length             Attributes
ram              0x20000000         0x00020000         xrw
rom              0x08000000         0x00100000         xr
ccm              0x10000000         0x00010000         xrw
*default*        0x00000000         0xffffffff

Linker script and memory map

LOAD tmp/LCD_HD44780.o
LOAD tmp/main.o
LOAD tmp/dev_ultrasonic.o
LOAD tmp/led_f4.o
LOAD tmp/dev_serial.o
LOAD tmp/dev_LCD_HD44780.o
LOAD tmp/llist.o
LOAD tmp/ringbuf.o
LOAD c:/mingw/gnu/bin/../lib/gcc/arm-none-eabi/4.8.3/../../../../arm-none-eabi/lib/armv7e-m/fpu\libm.a
START GROUP
LOAD c:/mingw/gnu/bin/../lib/gcc/arm-none-eabi/4.8.3/../../../../arm-none-eabi/lib/armv7e-m/fpu\libc_s.a
LOAD c:/mingw/gnu/bin/../lib/gcc/arm-none-eabi/4.8.3/armv7e-m/fpu\libgcc.a
LOAD c:/mingw/gnu/bin/../lib/gcc/arm-none-eabi/4.8.3/../../../../arm-none-eabi/lib/armv7e-m/fpu\libnosys.a
END GROUP
LOAD lib/libopencm3/lib\libopencm3_stm32f4.a
START GROUP
LOAD c:/mingw/gnu/bin/../lib/gcc/arm-none-eabi/4.8.3/armv7e-m/fpu\libgcc.a
LOAD c:/mingw/gnu/bin/../lib/gcc/arm-none-eabi/4.8.3/../../../../arm-none-eabi/lib/armv7e-m/fpu\libc_s.a
END GROUP
START GROUP
LOAD c:/mingw/gnu/bin/../lib/gcc/arm-none-eabi/4.8.3/armv7e-m/fpu\libgcc.a
LOAD c:/mingw/gnu/bin/../lib/gcc/arm-none-eabi/4.8.3/../../../../arm-none-eabi/lib/armv7e-m/fpu\libc_s.a
END GROUP

.text           0x08000000     0x4090
 *(.vectors)
 .vectors       0x08000000      0x1ac lib/libopencm3/lib\libopencm3_stm32f4.a(vector.o)
                0x08000000                vector_table
 *(.text*)
 .text.LCD_wait
                0x080001ac       0x28 tmp/LCD_HD44780.o
                0x080001ac                LCD_wait
 .text.LCD_writePort
                0x080001d4       0x30 tmp/LCD_HD44780.o
                0x080001d4                LCD_writePort
 .text.LCD_writeByte
                0x08000204       0x38 tmp/LCD_HD44780.o
                0x08000204                LCD_writeByte
 .text.LCD_write
                0x0800023c       0x48 tmp/LCD_HD44780.o
                0x0800023c                LCD_write
 .text.LCD_writeChar
                0x08000284        0xc tmp/LCD_HD44780.o
                0x08000284                LCD_writeChar
 .text.LCD_writeCmd
                0x08000290        0xc tmp/LCD_HD44780.o
                0x08000290                LCD_writeCmd
 .text.twait    0x0800029c       0x1c tmp/main.o
                0x0800029c                twait
 .text.wwait    0x080002b8        0xc tmp/main.o
                0x080002b8                wwait
 .text.main     0x080002c4       0x98 tmp/main.o
                0x080002c4                main
 .text.INIT_ultra
                0x0800035c       0x3c tmp/dev_ultrasonic.o
                0x0800035c                INIT_ultra
 .text.ULTRA_getDist
                0x08000398       0x14 tmp/dev_ultrasonic.o
                0x08000398                ULTRA_getDist
 .text.INIT_leds
                0x080003ac       0x2c tmp/led_f4.o
                0x080003ac                INIT_leds
 .text._iord    0x080003d8        0x4 tmp/dev_serial.o
 .text._ioseek  0x080003dc        0x4 tmp/dev_serial.o
 .text._ioclose
                0x080003e0        0x4 tmp/dev_serial.o
 .text._isru    0x080003e4       0x44 tmp/dev_serial.o
 .text._txsignal
                0x08000428       0x30 tmp/dev_serial.o
 .text._iowr    0x08000458       0x58 tmp/dev_serial.o
 .text.usart1_isr
                0x080004b0       0x10 tmp/dev_serial.o
                0x080004b0                usart1_isr
 .text.usart2_isr
                0x080004c0       0x10 tmp/dev_serial.o
                0x080004c0                usart2_isr
 .text.usart3_isr
                0x080004d0       0x10 tmp/dev_serial.o
                0x080004d0                usart3_isr
 .text.uart4_isr
                0x080004e0       0x10 tmp/dev_serial.o
                0x080004e0                uart4_isr
 .text.uart5_isr
                0x080004f0       0x10 tmp/dev_serial.o
                0x080004f0                uart5_isr
 .text.usart6_isr
                0x08000500       0x10 tmp/dev_serial.o
                0x08000500                usart6_isr
 .text.fopenserial
                0x08000510       0xfc tmp/dev_serial.o
                0x08000510                fopenserial
 .text._iord    0x0800060c        0x4 tmp/dev_LCD_HD44780.o
 .text._ioclose
                0x08000610        0x4 tmp/dev_LCD_HD44780.o
 .text._txsignal
                0x08000614        0x4 tmp/dev_LCD_HD44780.o
 .text._ioseek  0x08000618       0x2c tmp/dev_LCD_HD44780.o
 .text._iowr    0x08000644       0x1c tmp/dev_LCD_HD44780.o
 .text.LCD_setDataPins
                0x08000660       0x28 tmp/dev_LCD_HD44780.o
                0x08000660                LCD_setDataPins
 .text.fopenLCD
                0x08000688      0x160 tmp/dev_LCD_HD44780.o
                0x08000688                fopenLCD
 .text.ringbuf_init
                0x080007e8       0x18 tmp/ringbuf.o
                0x080007e8                ringbuf_init
 .text.ringbuf_write_available
                0x08000800       0x10 tmp/ringbuf.o
                0x08000800                ringbuf_write_available
 .text.ringbuf_write_buffer_partial
                0x08000810       0x40 tmp/ringbuf.o
                0x08000810                ringbuf_write_buffer_partial
 .text.ringbuf_read_byte
                0x08000850       0x20 tmp/ringbuf.o
                0x08000850                ringbuf_read_byte
 .text.fccloser
                0x08000870       0x38 c:/mingw/gnu/bin/../lib/gcc/arm-none-eabi/4.8.3/../../../../arm-none-eabi/lib/armv7e-m/fpu\libc_s.a(lib_a-fopencookie.o)
 .text.fcseeker
                0x080008a8       0x3e c:/mingw/gnu/bin/../lib/gcc/arm-none-eabi/4.8.3/../../../../arm-none-eabi/lib/armv7e-m/fpu\libc_s.a(lib_a-fopencookie.o)
 .text.fcwriter
                0x080008e6       0x4a c:/mingw/gnu/bin/../lib/gcc/arm-none-eabi/4.8.3/../../../../arm-none-eabi/lib/armv7e-m/fpu\libc_s.a(lib_a-fopencookie.o)
 .text.fcreader
                0x08000930       0x38 c:/mingw/gnu/bin/../lib/gcc/arm-none-eabi/4.8.3/../../../../arm-none-eabi/lib/armv7e-m/fpu\libc_s.a(lib_a-fopencookie.o)
 .text._fopencookie_r
                0x08000968       0xb4 c:/mingw/gnu/bin/../lib/gcc/arm-none-eabi/4.8.3/../../../../arm-none-eabi/lib/armv7e-m/fpu\libc_s.a(lib_a-fopencookie.o)
                0x08000968                _fopencookie_r
 .text.fopencookie
                0x08000a1c       0x38 c:/mingw/gnu/bin/../lib/gcc/arm-none-eabi/4.8.3/../../../../arm-none-eabi/lib/armv7e-m/fpu\libc_s.a(lib_a-fopencookie.o)
                0x08000a1c                fopencookie
 .text.fprintf  0x08000a54       0x24 c:/mingw/gnu/bin/../lib/gcc/arm-none-eabi/4.8.3/../../../../arm-none-eabi/lib/armv7e-m/fpu\libc_s.a(lib_a-fprintf.o)
                0x08000a54                fiprintf
                0x08000a54                fprintf
 .text._fwrite_r
                0x08000a78       0xb0 c:/mingw/gnu/bin/../lib/gcc/arm-none-eabi/4.8.3/../../../../arm-none-eabi/lib/armv7e-m/fpu\libc_s.a(lib_a-fwrite.o)
                0x08000a78                _fwrite_r
 .text.fwrite   0x08000b28       0x20 c:/mingw/gnu/bin/../lib/gcc/arm-none-eabi/4.8.3/../../../../arm-none-eabi/lib/armv7e-m/fpu\libc_s.a(lib_a-fwrite.o)
                0x08000b28                fwrite
 .text.memset   0x08000b48       0x10 c:/mingw/gnu/bin/../lib/gcc/arm-none-eabi/4.8.3/../../../../arm-none-eabi/lib/armv7e-m/fpu\libc_s.a(lib_a-memset.o)
                0x08000b48                memset
 .text._free_r  0x08000b58       0x88 c:/mingw/gnu/bin/../lib/gcc/arm-none-eabi/4.8.3/../../../../arm-none-eabi/lib/armv7e-m/fpu\libc_s.a(lib_a-nano-freer.o)
                0x08000b58                _free_r
 .text._malloc_r
                0x08000be0       0xa8 c:/mingw/gnu/bin/../lib/gcc/arm-none-eabi/4.8.3/../../../../arm-none-eabi/lib/armv7e-m/fpu\libc_s.a(lib_a-nano-mallocr.o)
                0x08000be0                _malloc_r
 .text._sbrk_r  0x08000c88       0x20 c:/mingw/gnu/bin/../lib/gcc/arm-none-eabi/4.8.3/../../../../arm-none-eabi/lib/armv7e-m/fpu\libc_s.a(lib_a-sbrkr.o)
                0x08000c88                _sbrk_r
 .text.setvbuf  0x08000ca8      0x110 c:/mingw/gnu/bin/../lib/gcc/arm-none-eabi/4.8.3/../../../../arm-none-eabi/lib/armv7e-m/fpu\libc_s.a(lib_a-setvbuf.o)
                0x08000ca8                setvbuf
 .text.__sfputc_r
                0x08000db8       0x2c c:/mingw/gnu/bin/../lib/gcc/arm-none-eabi/4.8.3/../../../../arm-none-eabi/lib/armv7e-m/fpu\libc_s.a(lib_a-vfprintf.o)
 .text.__sfputs_r
                0x08000de4       0x24 c:/mingw/gnu/bin/../lib/gcc/arm-none-eabi/4.8.3/../../../../arm-none-eabi/lib/armv7e-m/fpu\libc_s.a(lib_a-vfprintf.o)
                0x08000de4                __sfputs_r
 .text._vfprintf_r
                0x08000e08      0x208 c:/mingw/gnu/bin/../lib/gcc/arm-none-eabi/4.8.3/../../../../arm-none-eabi/lib/armv7e-m/fpu\libc_s.a(lib_a-vfprintf.o)
                0x08000e08                _vfprintf_r
                0x08000e08                _vfiprintf_r
 .text.__cvt    0x08001010       0xc0 c:/mingw/gnu/bin/../lib/gcc/arm-none-eabi/4.8.3/../../../../arm-none-eabi/lib/armv7e-m/fpu\libc_s.a(lib_a-vfprintf_float.o)
                0x08001010                __cvt
 .text.__exponent
                0x080010d0       0x66 c:/mingw/gnu/bin/../lib/gcc/arm-none-eabi/4.8.3/../../../../arm-none-eabi/lib/armv7e-m/fpu\libc_s.a(lib_a-vfprintf_float.o)
                0x080010d0                __exponent
 *fill*         0x08001136        0x2 
 .text._printf_float
                0x08001138      0x420 c:/mingw/gnu/bin/../lib/gcc/arm-none-eabi/4.8.3/../../../../arm-none-eabi/lib/armv7e-m/fpu\libc_s.a(lib_a-vfprintf_float.o)
                0x08001138                _printf_float
 .text._printf_common
                0x08001558       0xe4 c:/mingw/gnu/bin/../lib/gcc/arm-none-eabi/4.8.3/../../../../arm-none-eabi/lib/armv7e-m/fpu\libc_s.a(lib_a-vfprintf_i.o)
                0x08001558                _printf_common
 .text._printf_i
                0x0800163c      0x228 c:/mingw/gnu/bin/../lib/gcc/arm-none-eabi/4.8.3/../../../../arm-none-eabi/lib/armv7e-m/fpu\libc_s.a(lib_a-vfprintf_i.o)
                0x0800163c                _printf_i
 .text.__swbuf_r
                0x08001864       0xa8 c:/mingw/gnu/bin/../lib/gcc/arm-none-eabi/4.8.3/../../../../arm-none-eabi/lib/armv7e-m/fpu\libc_s.a(lib_a-wbuf.o)
                0x08001864                __swbuf_r
 .text.__swsetup_r
                0x0800190c       0xdc c:/mingw/gnu/bin/../lib/gcc/arm-none-eabi/4.8.3/../../../../arm-none-eabi/lib/armv7e-m/fpu\libc_s.a(lib_a-wsetup.o)
                0x0800190c                __swsetup_r
 .text.quorem   0x080019e8      0x11a c:/mingw/gnu/bin/../lib/gcc/arm-none-eabi/4.8.3/../../../../arm-none-eabi/lib/armv7e-m/fpu\libc_s.a(lib_a-dtoa.o)
 *fill*         0x08001b02        0x6 
 .text._dtoa_r  0x08001b08      0xb70 c:/mingw/gnu/bin/../lib/gcc/arm-none-eabi/4.8.3/../../../../arm-none-eabi/lib/armv7e-m/fpu\libc_s.a(lib_a-dtoa.o)
                0x08001b08                _dtoa_r
 .text.__errno  0x08002678        0xc c:/mingw/gnu/bin/../lib/gcc/arm-none-eabi/4.8.3/../../../../arm-none-eabi/lib/armv7e-m/fpu\libc_s.a(lib_a-errno.o)
                0x08002678                __errno
 .text.__sflush_r
                0x08002684      0x106 c:/mingw/gnu/bin/../lib/gcc/arm-none-eabi/4.8.3/../../../../arm-none-eabi/lib/armv7e-m/fpu\libc_s.a(lib_a-fflush.o)
                0x08002684                __sflush_r
 *fill*         0x0800278a        0x2 
 .text._fflush_r
                0x0800278c       0x54 c:/mingw/gnu/bin/../lib/gcc/arm-none-eabi/4.8.3/../../../../arm-none-eabi/lib/armv7e-m/fpu\libc_s.a(lib_a-fflush.o)
                0x0800278c                _fflush_r
 .text._cleanup_r
                0x080027e0       0x32 c:/mingw/gnu/bin/../lib/gcc/arm-none-eabi/4.8.3/../../../../arm-none-eabi/lib/armv7e-m/fpu\libc_s.a(lib_a-findfp.o)
                0x080027e0                _cleanup_r
 *fill*         0x08002812        0x2 
 .text.std.isra.0
                0x08002814       0x48 c:/mingw/gnu/bin/../lib/gcc/arm-none-eabi/4.8.3/../../../../arm-none-eabi/lib/armv7e-m/fpu\libc_s.a(lib_a-findfp.o)
 .text.__sfmoreglue
                0x0800285c       0x2c c:/mingw/gnu/bin/../lib/gcc/arm-none-eabi/4.8.3/../../../../arm-none-eabi/lib/armv7e-m/fpu\libc_s.a(lib_a-findfp.o)
                0x0800285c                __sfmoreglue
 .text.__sinit  0x08002888       0x60 c:/mingw/gnu/bin/../lib/gcc/arm-none-eabi/4.8.3/../../../../arm-none-eabi/lib/armv7e-m/fpu\libc_s.a(lib_a-findfp.o)
                0x08002888                __sinit
 .text.__sfp    0x080028e8       0x74 c:/mingw/gnu/bin/../lib/gcc/arm-none-eabi/4.8.3/../../../../arm-none-eabi/lib/armv7e-m/fpu\libc_s.a(lib_a-findfp.o)
                0x080028e8                __sfp
 .text.__sfp_lock_acquire
                0x0800295c        0x2 c:/mingw/gnu/bin/../lib/gcc/arm-none-eabi/4.8.3/../../../../arm-none-eabi/lib/armv7e-m/fpu\libc_s.a(lib_a-findfp.o)
                0x0800295c                __sfp_lock_acquire
 .text.__sfp_lock_release
                0x0800295e        0x2 c:/mingw/gnu/bin/../lib/gcc/arm-none-eabi/4.8.3/../../../../arm-none-eabi/lib/armv7e-m/fpu\libc_s.a(lib_a-findfp.o)
                0x0800295e                __sfp_lock_release
 .text.__sflags
                0x08002960       0x6e c:/mingw/gnu/bin/../lib/gcc/arm-none-eabi/4.8.3/../../../../arm-none-eabi/lib/armv7e-m/fpu\libc_s.a(lib_a-flags.o)
                0x08002960                __sflags
 *fill*         0x080029ce        0x2 
 .text._localeconv_r
                0x080029d0        0x8 c:/mingw/gnu/bin/../lib/gcc/arm-none-eabi/4.8.3/../../../../arm-none-eabi/lib/armv7e-m/fpu\libc_s.a(lib_a-locale.o)
                0x080029d0                _localeconv_r
 .text.__smakebuf_r
                0x080029d8       0x9c c:/mingw/gnu/bin/../lib/gcc/arm-none-eabi/4.8.3/../../../../arm-none-eabi/lib/armv7e-m/fpu\libc_s.a(lib_a-makebuf.o)
                0x080029d8                __smakebuf_r
 .text.malloc   0x08002a74       0x10 c:/mingw/gnu/bin/../lib/gcc/arm-none-eabi/4.8.3/../../../../arm-none-eabi/lib/armv7e-m/fpu\libc_s.a(lib_a-malloc.o)
                0x08002a74                malloc
 .text.memchr   0x08002a84       0x1e c:/mingw/gnu/bin/../lib/gcc/arm-none-eabi/4.8.3/../../../../arm-none-eabi/lib/armv7e-m/fpu\libc_s.a(lib_a-memchr-stub.o)
                0x08002a84                memchr
 .text.memcpy   0x08002aa2       0x12 c:/mingw/gnu/bin/../lib/gcc/arm-none-eabi/4.8.3/../../../../arm-none-eabi/lib/armv7e-m/fpu\libc_s.a(lib_a-memcpy-stub.o)
                0x08002aa2                memcpy
 .text._Balloc  0x08002ab4       0x6a c:/mingw/gnu/bin/../lib/gcc/arm-none-eabi/4.8.3/../../../../arm-none-eabi/lib/armv7e-m/fpu\libc_s.a(lib_a-mprec.o)
                0x08002ab4                _Balloc
 .text._Bfree   0x08002b1e       0x2e c:/mingw/gnu/bin/../lib/gcc/arm-none-eabi/4.8.3/../../../../arm-none-eabi/lib/armv7e-m/fpu\libc_s.a(lib_a-mprec.o)
                0x08002b1e                _Bfree
 .text.__multadd
                0x08002b4c       0x74 c:/mingw/gnu/bin/../lib/gcc/arm-none-eabi/4.8.3/../../../../arm-none-eabi/lib/armv7e-m/fpu\libc_s.a(lib_a-mprec.o)
                0x08002b4c                __multadd
 .text.__hi0bits
                0x08002bc0       0x40 c:/mingw/gnu/bin/../lib/gcc/arm-none-eabi/4.8.3/../../../../arm-none-eabi/lib/armv7e-m/fpu\libc_s.a(lib_a-mprec.o)
                0x08002bc0                __hi0bits
 .text.__lo0bits
                0x08002c00       0x5a c:/mingw/gnu/bin/../lib/gcc/arm-none-eabi/4.8.3/../../../../arm-none-eabi/lib/armv7e-m/fpu\libc_s.a(lib_a-mprec.o)
                0x08002c00                __lo0bits
 .text.__i2b    0x08002c5a       0x12 c:/mingw/gnu/bin/../lib/gcc/arm-none-eabi/4.8.3/../../../../arm-none-eabi/lib/armv7e-m/fpu\libc_s.a(lib_a-mprec.o)
                0x08002c5a                __i2b
 .text.__multiply
                0x08002c6c      0x130 c:/mingw/gnu/bin/../lib/gcc/arm-none-eabi/4.8.3/../../../../arm-none-eabi/lib/armv7e-m/fpu\libc_s.a(lib_a-mprec.o)
                0x08002c6c                __multiply
 .text.__pow5mult
                0x08002d9c       0x9c c:/mingw/gnu/bin/../lib/gcc/arm-none-eabi/4.8.3/../../../../arm-none-eabi/lib/armv7e-m/fpu\libc_s.a(lib_a-mprec.o)
                0x08002d9c                __pow5mult
 .text.__lshift
                0x08002e38       0xa6 c:/mingw/gnu/bin/../lib/gcc/arm-none-eabi/4.8.3/../../../../arm-none-eabi/lib/armv7e-m/fpu\libc_s.a(lib_a-mprec.o)
                0x08002e38                __lshift
 .text.__mcmp   0x08002ede       0x3a c:/mingw/gnu/bin/../lib/gcc/arm-none-eabi/4.8.3/../../../../arm-none-eabi/lib/armv7e-m/fpu\libc_s.a(lib_a-mprec.o)
                0x08002ede                __mcmp
 .text.__mdiff  0x08002f18       0xbc c:/mingw/gnu/bin/../lib/gcc/arm-none-eabi/4.8.3/../../../../arm-none-eabi/lib/armv7e-m/fpu\libc_s.a(lib_a-mprec.o)
                0x08002f18                __mdiff
 .text.__d2b    0x08002fd4       0xa0 c:/mingw/gnu/bin/../lib/gcc/arm-none-eabi/4.8.3/../../../../arm-none-eabi/lib/armv7e-m/fpu\libc_s.a(lib_a-mprec.o)
                0x08002fd4                __d2b
 .text._calloc_r
                0x08003074       0x1c c:/mingw/gnu/bin/../lib/gcc/arm-none-eabi/4.8.3/../../../../arm-none-eabi/lib/armv7e-m/fpu\libc_s.a(lib_a-nano-callocr.o)
                0x08003074                _calloc_r
 .text.__fpclassifyd
                0x08003090       0x48 c:/mingw/gnu/bin/../lib/gcc/arm-none-eabi/4.8.3/../../../../arm-none-eabi/lib/armv7e-m/fpu\libc_s.a(lib_a-s_fpclassify.o)
                0x08003090                __fpclassifyd
 .text.__sread  0x080030d8       0x22 c:/mingw/gnu/bin/../lib/gcc/arm-none-eabi/4.8.3/../../../../arm-none-eabi/lib/armv7e-m/fpu\libc_s.a(lib_a-stdio.o)
                0x080030d8                __sread
 .text.__swrite
                0x080030fa       0x38 c:/mingw/gnu/bin/../lib/gcc/arm-none-eabi/4.8.3/../../../../arm-none-eabi/lib/armv7e-m/fpu\libc_s.a(lib_a-stdio.o)
                0x080030fa                __swrite
 .text.__sseek  0x08003132       0x24 c:/mingw/gnu/bin/../lib/gcc/arm-none-eabi/4.8.3/../../../../arm-none-eabi/lib/armv7e-m/fpu\libc_s.a(lib_a-stdio.o)
                0x08003132                __sseek
 .text.__sclose
                0x08003156        0x8 c:/mingw/gnu/bin/../lib/gcc/arm-none-eabi/4.8.3/../../../../arm-none-eabi/lib/armv7e-m/fpu\libc_s.a(lib_a-stdio.o)
                0x08003156                __sclose
 .text.strlen   0x0800315e       0x10 c:/mingw/gnu/bin/../lib/gcc/arm-none-eabi/4.8.3/../../../../arm-none-eabi/lib/armv7e-m/fpu\libc_s.a(lib_a-strlen.o)
                0x0800315e                strlen
 *fill*         0x0800316e        0x2 
 .text._write_r
                0x08003170       0x24 c:/mingw/gnu/bin/../lib/gcc/arm-none-eabi/4.8.3/../../../../arm-none-eabi/lib/armv7e-m/fpu\libc_s.a(lib_a-writer.o)
                0x08003170                _write_r
 .text._close_r
                0x08003194       0x20 c:/mingw/gnu/bin/../lib/gcc/arm-none-eabi/4.8.3/../../../../arm-none-eabi/lib/armv7e-m/fpu\libc_s.a(lib_a-closer.o)
                0x08003194                _close_r
 .text._fstat_r
                0x080031b4       0x24 c:/mingw/gnu/bin/../lib/gcc/arm-none-eabi/4.8.3/../../../../arm-none-eabi/lib/armv7e-m/fpu\libc_s.a(lib_a-fstatr.o)
                0x080031b4                _fstat_r
 .text._isatty_r
                0x080031d8       0x20 c:/mingw/gnu/bin/../lib/gcc/arm-none-eabi/4.8.3/../../../../arm-none-eabi/lib/armv7e-m/fpu\libc_s.a(lib_a-isattyr.o)
                0x080031d8                _isatty_r
 .text._lseek_r
                0x080031f8       0x24 c:/mingw/gnu/bin/../lib/gcc/arm-none-eabi/4.8.3/../../../../arm-none-eabi/lib/armv7e-m/fpu\libc_s.a(lib_a-lseekr.o)
                0x080031f8                _lseek_r
 .text._read_r  0x0800321c       0x24 c:/mingw/gnu/bin/../lib/gcc/arm-none-eabi/4.8.3/../../../../arm-none-eabi/lib/armv7e-m/fpu\libc_s.a(lib_a-readr.o)
                0x0800321c                _read_r
 .text          0x08003240      0x370 c:/mingw/gnu/bin/../lib/gcc/arm-none-eabi/4.8.3/armv7e-m/fpu\libgcc.a(_arm_addsubdf3.o)
                0x08003240                __aeabi_drsub
                0x08003248                __aeabi_dsub
                0x08003248                __subdf3
                0x0800324c                __aeabi_dadd
                0x0800324c                __adddf3
                0x080034c4                __floatunsidf
                0x080034c4                __aeabi_ui2d
                0x080034e4                __floatsidf
                0x080034e4                __aeabi_i2d
                0x08003508                __aeabi_f2d
                0x08003508                __extendsfdf2
                0x08003544                __floatundidf
                0x08003544                __aeabi_ul2d
                0x08003554                __floatdidf
                0x08003554                __aeabi_l2d
 .text          0x080035b0      0x424 c:/mingw/gnu/bin/../lib/gcc/arm-none-eabi/4.8.3/armv7e-m/fpu\libgcc.a(_arm_muldivdf3.o)
                0x080035b0                __aeabi_dmul
                0x080035b0                __muldf3
                0x08003804                __divdf3
                0x08003804                __aeabi_ddiv
 .text          0x080039d4      0x110 c:/mingw/gnu/bin/../lib/gcc/arm-none-eabi/4.8.3/armv7e-m/fpu\libgcc.a(_arm_cmpdf2.o)
                0x080039d4                __gtdf2
                0x080039d4                __gedf2
                0x080039dc                __ltdf2
                0x080039dc                __ledf2
                0x080039e4                __nedf2
                0x080039e4                __eqdf2
                0x080039e4                __cmpdf2
                0x08003a60                __aeabi_cdrcmple
                0x08003a70                __aeabi_cdcmpeq
                0x08003a70                __aeabi_cdcmple
                0x08003a80                __aeabi_dcmpeq
                0x08003a94                __aeabi_dcmplt
                0x08003aa8                __aeabi_dcmple
                0x08003abc                __aeabi_dcmpge
                0x08003ad0                __aeabi_dcmpgt
 .text          0x08003ae4       0x50 c:/mingw/gnu/bin/../lib/gcc/arm-none-eabi/4.8.3/armv7e-m/fpu\libgcc.a(_arm_fixdfsi.o)
                0x08003ae4                __aeabi_d2iz
                0x08003ae4                __fixdfsi
 .text._close   0x08003b34       0x10 c:/mingw/gnu/bin/../lib/gcc/arm-none-eabi/4.8.3/../../../../arm-none-eabi/lib/armv7e-m/fpu\libnosys.a(close.o)
                0x08003b34                _close
 .text._fstat   0x08003b44       0x10 c:/mingw/gnu/bin/../lib/gcc/arm-none-eabi/4.8.3/../../../../arm-none-eabi/lib/armv7e-m/fpu\libnosys.a(fstat.o)
                0x08003b44                _fstat
 .text._isatty  0x08003b54       0x10 c:/mingw/gnu/bin/../lib/gcc/arm-none-eabi/4.8.3/../../../../arm-none-eabi/lib/armv7e-m/fpu\libnosys.a(isatty.o)
                0x08003b54                _isatty
 .text._lseek   0x08003b64       0x10 c:/mingw/gnu/bin/../lib/gcc/arm-none-eabi/4.8.3/../../../../arm-none-eabi/lib/armv7e-m/fpu\libnosys.a(lseek.o)
                0x08003b64                _lseek
 .text._read    0x08003b74       0x10 c:/mingw/gnu/bin/../lib/gcc/arm-none-eabi/4.8.3/../../../../arm-none-eabi/lib/armv7e-m/fpu\libnosys.a(read.o)
                0x08003b74                _read
 .text._sbrk    0x08003b84       0x34 c:/mingw/gnu/bin/../lib/gcc/arm-none-eabi/4.8.3/../../../../arm-none-eabi/lib/armv7e-m/fpu\libnosys.a(sbrk.o)
                0x08003b84                _sbrk
 .text._write   0x08003bb8       0x10 c:/mingw/gnu/bin/../lib/gcc/arm-none-eabi/4.8.3/../../../../arm-none-eabi/lib/armv7e-m/fpu\libnosys.a(write.o)
                0x08003bb8                _write
 .text.gpio_set
                0x08003bc8        0x4 lib/libopencm3/lib\libopencm3_stm32f4.a(gpio_common_all.o)
                0x08003bc8                gpio_set
 .text.gpio_clear
                0x08003bcc        0x6 lib/libopencm3/lib\libopencm3_stm32f4.a(gpio_common_all.o)
                0x08003bcc                gpio_clear
 .text.gpio_toggle
                0x08003bd2        0x8 lib/libopencm3/lib\libopencm3_stm32f4.a(gpio_common_all.o)
                0x08003bd2                gpio_toggle
 .text.gpio_port_write
                0x08003bda        0x4 lib/libopencm3/lib\libopencm3_stm32f4.a(gpio_common_all.o)
                0x08003bda                gpio_port_write
 .text.gpio_mode_setup
                0x08003bde       0x44 lib/libopencm3/lib\libopencm3_stm32f4.a(gpio_common_f0234.o)
                0x08003bde                gpio_mode_setup
 .text.gpio_set_output_options
                0x08003c22       0x34 lib/libopencm3/lib\libopencm3_stm32f4.a(gpio_common_f0234.o)
                0x08003c22                gpio_set_output_options
 .text.gpio_set_af
                0x08003c56       0x50 lib/libopencm3/lib\libopencm3_stm32f4.a(gpio_common_f0234.o)
                0x08003c56                gpio_set_af
 *fill*         0x08003ca6        0x2 
 .text.usart_set_baudrate
                0x08003ca8       0x30 lib/libopencm3/lib\libopencm3_stm32f4.a(usart_common_all.o)
                0x08003ca8                usart_set_baudrate
 .text.usart_set_databits
                0x08003cd8       0x12 lib/libopencm3/lib\libopencm3_stm32f4.a(usart_common_all.o)
                0x08003cd8                usart_set_databits
 .text.usart_set_stopbits
                0x08003cea        0xc lib/libopencm3/lib\libopencm3_stm32f4.a(usart_common_all.o)
                0x08003cea                usart_set_stopbits
 .text.usart_set_parity
                0x08003cf6        0xc lib/libopencm3/lib\libopencm3_stm32f4.a(usart_common_all.o)
                0x08003cf6                usart_set_parity
 .text.usart_set_mode
                0x08003d02        0xc lib/libopencm3/lib\libopencm3_stm32f4.a(usart_common_all.o)
                0x08003d02                usart_set_mode
 .text.usart_set_flow_control
                0x08003d0e        0xc lib/libopencm3/lib\libopencm3_stm32f4.a(usart_common_all.o)
                0x08003d0e                usart_set_flow_control
 .text.usart_enable
                0x08003d1a        0xa lib/libopencm3/lib\libopencm3_stm32f4.a(usart_common_all.o)
                0x08003d1a                usart_enable
 .text.usart_enable_rx_interrupt
                0x08003d24        0xa lib/libopencm3/lib\libopencm3_stm32f4.a(usart_common_all.o)
                0x08003d24                usart_enable_rx_interrupt
 .text.usart_enable_tx_interrupt
                0x08003d2e        0xa lib/libopencm3/lib\libopencm3_stm32f4.a(usart_common_all.o)
                0x08003d2e                usart_enable_tx_interrupt
 .text.usart_disable_tx_interrupt
                0x08003d38        0xa lib/libopencm3/lib\libopencm3_stm32f4.a(usart_common_all.o)
                0x08003d38                usart_disable_tx_interrupt
 .text.usart_send
                0x08003d42        0x8 lib/libopencm3/lib\libopencm3_stm32f4.a(usart_common_f124.o)
                0x08003d42                usart_send
 .text.usart_recv
                0x08003d4a        0x8 lib/libopencm3/lib\libopencm3_stm32f4.a(usart_common_f124.o)
                0x08003d4a                usart_recv
 .text.usart_get_interrupt_source
                0x08003d52       0x30 lib/libopencm3/lib\libopencm3_stm32f4.a(usart_common_f124.o)
                0x08003d52                usart_get_interrupt_source
 .text.rcc_periph_clock_enable
                0x08003d82       0x1c lib/libopencm3/lib\libopencm3_stm32f4.a(rcc_common_all.o)
                0x08003d82                rcc_periph_clock_enable
 .text.blocking_handler
                0x08003d9e        0x2 lib/libopencm3/lib\libopencm3_stm32f4.a(vector.o)
                0x08003d9e                dma2_stream1_isr
                0x08003d9e                tim8_brk_tim12_isr
                0x08003d9e                dma1_stream7_isr
                0x08003d9e                tim7_isr
                0x08003d9e                dma2d_isr
                0x08003d9e                uart8_isr
                0x08003d9e                dma1_stream2_isr
                0x08003d9e                otg_hs_isr
                0x08003d9e                blocking_handler
                0x08003d9e                tim5_isr
                0x08003d9e                rtc_wkup_isr
                0x08003d9e                otg_fs_isr
                0x08003d9e                spi1_isr
                0x08003d9e                i2c3_er_isr
                0x08003d9e                exti2_isr
                0x08003d9e                spi5_isr
                0x08003d9e                usb_fs_wkup_isr
                0x08003d9e                tamp_stamp_isr
                0x08003d9e                can1_rx1_isr
                0x08003d9e                dma2_stream0_isr
                0x08003d9e                i2c3_ev_isr
                0x08003d9e                usage_fault_handler
                0x08003d9e                can2_rx0_isr
                0x08003d9e                dma1_stream6_isr
                0x08003d9e                can2_rx1_isr
                0x08003d9e                can1_sce_isr
                0x08003d9e                tim1_cc_isr
                0x08003d9e                can1_tx_isr
                0x08003d9e                tim1_up_tim10_isr
                0x08003d9e                sdio_isr
                0x08003d9e                eth_isr
                0x08003d9e                spi6_isr
                0x08003d9e                dma2_stream5_isr
                0x08003d9e                pvd_isr
                0x08003d9e                can1_rx0_isr
                0x08003d9e                rcc_isr
                0x08003d9e                dma2_stream3_isr
                0x08003d9e                flash_isr
                0x08003d9e                lcd_tft_isr
                0x08003d9e                rtc_alarm_isr
                0x08003d9e                exti15_10_isr
                0x08003d9e                hash_rng_isr
                0x08003d9e                tim1_trg_com_tim11_isr
                0x08003d9e                hard_fault_handler
                0x08003d9e                exti1_isr
                0x08003d9e                i2c1_ev_isr
                0x08003d9e                spi2_isr
                0x08003d9e                cryp_isr
                0x08003d9e                nvic_wwdg_isr
                0x08003d9e                dma1_stream1_isr
                0x08003d9e                dma2_stream4_isr
                0x08003d9e                exti3_isr
                0x08003d9e                tim3_isr
                0x08003d9e                sai1_isr
                0x08003d9e                fpu_isr
                0x08003d9e                dma1_stream4_isr
                0x08003d9e                i2c2_er_isr
                0x08003d9e                i2c2_ev_isr
                0x08003d9e                dma2_stream6_isr
                0x08003d9e                spi4_isr
                0x08003d9e                adc_isr
                0x08003d9e                dma2_stream7_isr
                0x08003d9e                tim8_up_tim13_isr
                0x08003d9e                fsmc_isr
                0x08003d9e                exti4_isr
                0x08003d9e                tim6_dac_isr
                0x08003d9e                dma1_stream3_isr
                0x08003d9e                tim8_trg_com_tim14_isr
                0x08003d9e                mem_manage_handler
                0x08003d9e                lcd_tft_err_isr
                0x08003d9e                can2_tx_isr
                0x08003d9e                exti9_5_isr
                0x08003d9e                tim1_brk_tim9_isr
                0x08003d9e                uart7_isr
                0x08003d9e                can2_sce_isr
                0x08003d9e                tim4_isr
                0x08003d9e                otg_hs_wkup_isr
                0x08003d9e                i2c1_er_isr
                0x08003d9e                dma1_stream0_isr
                0x08003d9e                tim8_cc_isr
                0x08003d9e                dcmi_isr
                0x08003d9e                dma2_stream2_isr
                0x08003d9e                eth_wkup_isr
                0x08003d9e                bus_fault_handler
                0x08003d9e                otg_hs_ep1_out_isr
                0x08003d9e                spi3_isr
                0x08003d9e                dma1_stream5_isr
                0x08003d9e                otg_hs_ep1_in_isr
                0x08003d9e                tim2_isr
                0x08003d9e                exti0_isr
 .text.null_handler
                0x08003da0        0x2 lib/libopencm3/lib\libopencm3_stm32f4.a(vector.o)
                0x08003da0                sv_call_handler
                0x08003da0                pend_sv_handler
                0x08003da0                debug_monitor_handler
                0x08003da0                sys_tick_handler
                0x08003da0                nmi_handler
                0x08003da0                null_handler
 *fill*         0x08003da2        0x2 
 .text.reset_handler
                0x08003da4       0x90 lib/libopencm3/lib\libopencm3_stm32f4.a(vector.o)
                0x08003da4                reset_handler
 .text.nvic_enable_irq
                0x08003e34       0x1c lib/libopencm3/lib\libopencm3_stm32f4.a(nvic.o)
                0x08003e34                nvic_enable_irq
 .text.nvic_disable_irq
                0x08003e50       0x1c lib/libopencm3/lib\libopencm3_stm32f4.a(nvic.o)
                0x08003e50                nvic_disable_irq
                0x08003e6c                . = ALIGN (0x4)
 *(.rodata*)
 .rodata.str1.4
                0x08003e6c       0x16 tmp/main.o
                                 0x18 (size before relaxing)
 *fill*         0x08003e82        0x2 
 .rodata        0x08003e84       0x10 tmp/dev_serial.o
 .rodata.str1.4
                0x08003e94        0x4 tmp/dev_serial.o
 .rodata        0x08003e98       0x10 tmp/dev_LCD_HD44780.o
 .rodata.str1.4
                0x00000000        0x4 tmp/dev_LCD_HD44780.o
 .rodata.lcd_device_data_predef
                0x08003ea8       0x20 tmp/dev_LCD_HD44780.o
 .rodata.str1.1
                0x08003ec8        0x2 c:/mingw/gnu/bin/../lib/gcc/arm-none-eabi/4.8.3/../../../../arm-none-eabi/lib/armv7e-m/fpu\libc_s.a(lib_a-impure.o)
 *fill*         0x08003eca        0x2 
 .rodata._global_impure_ptr
                0x08003ecc        0x4 c:/mingw/gnu/bin/../lib/gcc/arm-none-eabi/4.8.3/../../../../arm-none-eabi/lib/armv7e-m/fpu\libc_s.a(lib_a-impure.o)
                0x08003ecc                _global_impure_ptr
 .rodata.str1.1
                0x08003ed0       0x11 c:/mingw/gnu/bin/../lib/gcc/arm-none-eabi/4.8.3/../../../../arm-none-eabi/lib/armv7e-m/fpu\libc_s.a(lib_a-vfprintf.o)
 .rodata.str1.1
                0x08003ee1       0x12 c:/mingw/gnu/bin/../lib/gcc/arm-none-eabi/4.8.3/../../../../arm-none-eabi/lib/armv7e-m/fpu\libc_s.a(lib_a-vfprintf_float.o)
 .rodata.str1.1
                0x08003ef3       0x22 c:/mingw/gnu/bin/../lib/gcc/arm-none-eabi/4.8.3/../../../../arm-none-eabi/lib/armv7e-m/fpu\libc_s.a(lib_a-vfprintf_i.o)
 .rodata.str1.1
                0x08003f15        0xd c:/mingw/gnu/bin/../lib/gcc/arm-none-eabi/4.8.3/../../../../arm-none-eabi/lib/armv7e-m/fpu\libc_s.a(lib_a-dtoa.o)
                                  0xf (size before relaxing)
 *fill*         0x08003f22        0x2 
 .rodata.__sf_fake_stdin
                0x08003f24       0x20 c:/mingw/gnu/bin/../lib/gcc/arm-none-eabi/4.8.3/../../../../arm-none-eabi/lib/armv7e-m/fpu\libc_s.a(lib_a-findfp.o)
                0x08003f24                __sf_fake_stdin
 .rodata.__sf_fake_stdout
                0x08003f44       0x20 c:/mingw/gnu/bin/../lib/gcc/arm-none-eabi/4.8.3/../../../../arm-none-eabi/lib/armv7e-m/fpu\libc_s.a(lib_a-findfp.o)
                0x08003f44                __sf_fake_stdout
 .rodata.__sf_fake_stderr
                0x08003f64       0x20 c:/mingw/gnu/bin/../lib/gcc/arm-none-eabi/4.8.3/../../../../arm-none-eabi/lib/armv7e-m/fpu\libc_s.a(lib_a-findfp.o)
                0x08003f64                __sf_fake_stderr
 .rodata.str1.1
                0x08003f84        0x8 c:/mingw/gnu/bin/../lib/gcc/arm-none-eabi/4.8.3/../../../../arm-none-eabi/lib/armv7e-m/fpu\libc_s.a(lib_a-locale.o)
                                  0xb (size before relaxing)
 *fill*         0x08003f8c        0x4 
 .rodata.__mprec_tens
                0x08003f90       0xc8 c:/mingw/gnu/bin/../lib/gcc/arm-none-eabi/4.8.3/../../../../arm-none-eabi/lib/armv7e-m/fpu\libc_s.a(lib_a-mprec.o)
                0x08003f90                __mprec_tens
 .rodata.p05.5300
                0x08004058        0xc c:/mingw/gnu/bin/../lib/gcc/arm-none-eabi/4.8.3/../../../../arm-none-eabi/lib/armv7e-m/fpu\libc_s.a(lib_a-mprec.o)
 *fill*         0x08004064        0x4 
 .rodata.__mprec_bigtens
                0x08004068       0x28 c:/mingw/gnu/bin/../lib/gcc/arm-none-eabi/4.8.3/../../../../arm-none-eabi/lib/armv7e-m/fpu\libc_s.a(lib_a-mprec.o)
                0x08004068                __mprec_bigtens
                0x08004090                . = ALIGN (0x4)

.glue_7         0x08004090        0x0
 .glue_7        0x00000000        0x0 linker stubs

.glue_7t        0x08004090        0x0
 .glue_7t       0x00000000        0x0 linker stubs

.vfp11_veneer   0x08004090        0x0
 .vfp11_veneer  0x00000000        0x0 linker stubs

.v4_bx          0x08004090        0x0
 .v4_bx         0x00000000        0x0 linker stubs

.iplt           0x08004090        0x0
 .iplt          0x00000000        0x0 tmp/LCD_HD44780.o

.rel.dyn        0x08004090        0x0
 .rel.iplt      0x00000000        0x0 tmp/LCD_HD44780.o

.preinit_array  0x08004090        0x0
                0x08004090                . = ALIGN (0x4)
                0x08004090                __preinit_array_start = .
 *(.preinit_array)
                0x08004090                __preinit_array_end = .

.init_array     0x08004090        0x0
                0x08004090                . = ALIGN (0x4)
                0x08004090                __init_array_start = .
 *(SORT(.init_array.*))
 *(.init_array)
                0x08004090                __init_array_end = .

.fini_array     0x08004090        0x0
                0x08004090                . = ALIGN (0x4)
                0x08004090                __fini_array_start = .
 *(.fini_array)
 *(SORT(.fini_array.*))
                0x08004090                __fini_array_end = .

.ARM.extab
 *(.ARM.extab*)

.ARM.exidx      0x08004090        0x0
                0x08004090                __exidx_start = .
 *(.ARM.exidx*)
                0x08004090                __exidx_end = .
                0x08004090                . = ALIGN (0x4)
                0x08004090                _etext = .

.data           0x20000000      0x384 load address 0x08004090
                0x20000000                _data = .
 *(.data*)
 .data.ultras   0x20000000       0x70 tmp/dev_ultrasonic.o
                0x20000000                ultras
 .data.uarts    0x20000070      0x1e0 tmp/dev_serial.o
 .data.lcds     0x20000250       0x90 tmp/dev_LCD_HD44780.o
                0x20000250                lcds
 .data.impure_data
                0x200002e0       0x60 c:/mingw/gnu/bin/../lib/gcc/arm-none-eabi/4.8.3/../../../../arm-none-eabi/lib/armv7e-m/fpu\libc_s.a(lib_a-impure.o)
 .data._impure_ptr
                0x20000340        0x4 c:/mingw/gnu/bin/../lib/gcc/arm-none-eabi/4.8.3/../../../../arm-none-eabi/lib/armv7e-m/fpu\libc_s.a(lib_a-impure.o)
                0x20000340                _impure_ptr
 .data.lconv    0x20000344       0x38 c:/mingw/gnu/bin/../lib/gcc/arm-none-eabi/4.8.3/../../../../arm-none-eabi/lib/armv7e-m/fpu\libc_s.a(lib_a-locale.o)
 .data.rcc_ppre1_frequency
                0x2000037c        0x4 lib/libopencm3/lib\libopencm3_stm32f4.a(rcc.o)
                0x2000037c                rcc_ppre1_frequency
 .data.rcc_ppre2_frequency
                0x20000380        0x4 lib/libopencm3/lib\libopencm3_stm32f4.a(rcc.o)
                0x20000380                rcc_ppre2_frequency
                0x20000384                . = ALIGN (0x4)
                0x20000384                _edata = .
                0x08004090                _data_loadaddr = LOADADDR (.data)

.igot.plt       0x20000384        0x0 load address 0x08004414
 .igot.plt      0x00000000        0x0 tmp/LCD_HD44780.o

.bss            0x20000384      0xc18 load address 0x08004414
 *(.bss*)
 .bss.us2       0x20000384        0x4 tmp/main.o
                0x20000384                us2
 .bss.rbuf      0x20000388      0x400 tmp/main.o
 .bss.tbuf      0x20000788      0x400 tmp/main.o
 .bss.lcd_dbuf  0x20000b88      0x400 tmp/main.o
 .bss.lcd       0x20000f88        0x4 tmp/main.o
                0x20000f88                lcd
 .bss.__malloc_sbrk_start
                0x20000f8c        0x4 c:/mingw/gnu/bin/../lib/gcc/arm-none-eabi/4.8.3/../../../../arm-none-eabi/lib/armv7e-m/fpu\libc_s.a(lib_a-nano-mallocr.o)
                0x20000f8c                __malloc_sbrk_start
 .bss.__malloc_free_list
                0x20000f90        0x4 c:/mingw/gnu/bin/../lib/gcc/arm-none-eabi/4.8.3/../../../../arm-none-eabi/lib/armv7e-m/fpu\libc_s.a(lib_a-nano-mallocr.o)
                0x20000f90                __malloc_free_list
 .bss.heap_end.4237
                0x20000f94        0x4 c:/mingw/gnu/bin/../lib/gcc/arm-none-eabi/4.8.3/../../../../arm-none-eabi/lib/armv7e-m/fpu\libnosys.a(sbrk.o)
 *(COMMON)
 COMMON         0x20000f98        0x4 c:/mingw/gnu/bin/../lib/gcc/arm-none-eabi/4.8.3/../../../../arm-none-eabi/lib/armv7e-m/fpu\libc_s.a(lib_a-reent.o)
                0x20000f98                errno
                0x20000f9c                . = ALIGN (0x4)
                0x20000f9c                _ebss = .

.ccm            0x10000000        0x0
 *(.ccmram*)
                0x10000000                . = ALIGN (0x4)

/DISCARD/
 *(.eh_frame)
                0x10000000                . = ALIGN (0x4)
                0x10000000                end = .
                0x20020000                PROVIDE (_stack, (ORIGIN (ram) + 0x20000))
OUTPUT(bin/project.elf elf32-littlearm)

.debug_info     0x00000000     0x6b6b
 .debug_info    0x00000000      0x53d tmp/LCD_HD44780.o
 .debug_info    0x0000053d      0xbf6 tmp/main.o
 .debug_info    0x00001133      0x745 tmp/dev_ultrasonic.o
 .debug_info    0x00001878      0x50c tmp/led_f4.o
 .debug_info    0x00001d84     0x1720 tmp/dev_serial.o
 .debug_info    0x000034a4     0x149f tmp/dev_LCD_HD44780.o
 .debug_info    0x00004943      0x455 tmp/ringbuf.o
 .debug_info    0x00004d98      0x205 lib/libopencm3/lib\libopencm3_stm32f4.a(gpio_common_all.o)
 .debug_info    0x00004f9d      0x1c6 lib/libopencm3/lib\libopencm3_stm32f4.a(gpio_common_f0234.o)
 .debug_info    0x00005163      0x4b5 lib/libopencm3/lib\libopencm3_stm32f4.a(usart_common_all.o)
 .debug_info    0x00005618      0x1a1 lib/libopencm3/lib\libopencm3_stm32f4.a(usart_common_f124.o)
 .debug_info    0x000057b9      0x77c lib/libopencm3/lib\libopencm3_stm32f4.a(rcc_common_all.o)
 .debug_info    0x00005f35      0x2a4 lib/libopencm3/lib\libopencm3_stm32f4.a(vector.o)
 .debug_info    0x000061d9      0x1ef lib/libopencm3/lib\libopencm3_stm32f4.a(nvic.o)
 .debug_info    0x000063c8      0x7a3 lib/libopencm3/lib\libopencm3_stm32f4.a(rcc.o)

.debug_abbrev   0x00000000     0x1735
 .debug_abbrev  0x00000000      0x198 tmp/LCD_HD44780.o
 .debug_abbrev  0x00000198      0x2d6 tmp/main.o
 .debug_abbrev  0x0000046e      0x1da tmp/dev_ultrasonic.o
 .debug_abbrev  0x00000648       0xcb tmp/led_f4.o
 .debug_abbrev  0x00000713      0x33e tmp/dev_serial.o
 .debug_abbrev  0x00000a51      0x315 tmp/dev_LCD_HD44780.o
 .debug_abbrev  0x00000d66      0x116 tmp/ringbuf.o
 .debug_abbrev  0x00000e7c       0xfc lib/libopencm3/lib\libopencm3_stm32f4.a(gpio_common_all.o)
 .debug_abbrev  0x00000f78       0xb4 lib/libopencm3/lib\libopencm3_stm32f4.a(gpio_common_f0234.o)
 .debug_abbrev  0x0000102c      0x128 lib/libopencm3/lib\libopencm3_stm32f4.a(usart_common_all.o)
 .debug_abbrev  0x00001154       0xb4 lib/libopencm3/lib\libopencm3_stm32f4.a(usart_common_f124.o)
 .debug_abbrev  0x00001208       0xbe lib/libopencm3/lib\libopencm3_stm32f4.a(rcc_common_all.o)
 .debug_abbrev  0x000012c6      0x137 lib/libopencm3/lib\libopencm3_stm32f4.a(vector.o)
 .debug_abbrev  0x000013fd       0xa3 lib/libopencm3/lib\libopencm3_stm32f4.a(nvic.o)
 .debug_abbrev  0x000014a0      0x295 lib/libopencm3/lib\libopencm3_stm32f4.a(rcc.o)

.debug_loc      0x00000000     0x1c3e
 .debug_loc     0x00000000      0x344 tmp/LCD_HD44780.o
 .debug_loc     0x00000344       0x50 tmp/main.o
 .debug_loc     0x00000394       0xbb tmp/dev_ultrasonic.o
 .debug_loc     0x0000044f      0x315 tmp/dev_serial.o
 .debug_loc     0x00000764      0x439 tmp/dev_LCD_HD44780.o
 .debug_loc     0x00000b9d      0x5a2 tmp/ringbuf.o
 .debug_loc     0x0000113f       0x84 lib/libopencm3/lib\libopencm3_stm32f4.a(gpio_common_all.o)
 .debug_loc     0x000011c3      0x10b lib/libopencm3/lib\libopencm3_stm32f4.a(gpio_common_f0234.o)
 .debug_loc     0x000012ce      0x1ca lib/libopencm3/lib\libopencm3_stm32f4.a(usart_common_all.o)
 .debug_loc     0x00001498       0xd4 lib/libopencm3/lib\libopencm3_stm32f4.a(usart_common_f124.o)
 .debug_loc     0x0000156c      0x129 lib/libopencm3/lib\libopencm3_stm32f4.a(rcc_common_all.o)
 .debug_loc     0x00001695       0xf5 lib/libopencm3/lib\libopencm3_stm32f4.a(vector.o)
 .debug_loc     0x0000178a      0x142 lib/libopencm3/lib\libopencm3_stm32f4.a(nvic.o)
 .debug_loc     0x000018cc      0x372 lib/libopencm3/lib\libopencm3_stm32f4.a(rcc.o)

.debug_aranges  0x00000000      0x590
 .debug_aranges
                0x00000000       0x60 tmp/LCD_HD44780.o
 .debug_aranges
                0x00000060       0x30 tmp/main.o
 .debug_aranges
                0x00000090       0x48 tmp/dev_ultrasonic.o
 .debug_aranges
                0x000000d8       0x20 tmp/led_f4.o
 .debug_aranges
                0x000000f8       0x88 tmp/dev_serial.o
 .debug_aranges
                0x00000180       0x58 tmp/dev_LCD_HD44780.o
 .debug_aranges
                0x000001d8       0x70 tmp/ringbuf.o
 .debug_aranges
                0x00000248       0x50 lib/libopencm3/lib\libopencm3_stm32f4.a(gpio_common_all.o)
 .debug_aranges
                0x00000298       0x30 lib/libopencm3/lib\libopencm3_stm32f4.a(gpio_common_f0234.o)
 .debug_aranges
                0x000002c8       0xb8 lib/libopencm3/lib\libopencm3_stm32f4.a(usart_common_all.o)
 .debug_aranges
                0x00000380       0x48 lib/libopencm3/lib\libopencm3_stm32f4.a(usart_common_f124.o)
 .debug_aranges
                0x000003c8       0x60 lib/libopencm3/lib\libopencm3_stm32f4.a(rcc_common_all.o)
 .debug_aranges
                0x00000428       0x30 lib/libopencm3/lib\libopencm3_stm32f4.a(vector.o)
 .debug_aranges
                0x00000458       0x60 lib/libopencm3/lib\libopencm3_stm32f4.a(nvic.o)
 .debug_aranges
                0x000004b8       0xd8 lib/libopencm3/lib\libopencm3_stm32f4.a(rcc.o)

.debug_ranges   0x00000000      0x4f0
 .debug_ranges  0x00000000       0x68 tmp/LCD_HD44780.o
 .debug_ranges  0x00000068       0x40 tmp/main.o
 .debug_ranges  0x000000a8       0x38 tmp/dev_ultrasonic.o
 .debug_ranges  0x000000e0       0x10 tmp/led_f4.o
 .debug_ranges  0x000000f0       0x78 tmp/dev_serial.o
 .debug_ranges  0x00000168       0x48 tmp/dev_LCD_HD44780.o
 .debug_ranges  0x000001b0       0x60 tmp/ringbuf.o
 .debug_ranges  0x00000210       0x40 lib/libopencm3/lib\libopencm3_stm32f4.a(gpio_common_all.o)
 .debug_ranges  0x00000250       0x20 lib/libopencm3/lib\libopencm3_stm32f4.a(gpio_common_f0234.o)
 .debug_ranges  0x00000270       0xa8 lib/libopencm3/lib\libopencm3_stm32f4.a(usart_common_all.o)
 .debug_ranges  0x00000318       0x38 lib/libopencm3/lib\libopencm3_stm32f4.a(usart_common_f124.o)
 .debug_ranges  0x00000350       0x50 lib/libopencm3/lib\libopencm3_stm32f4.a(rcc_common_all.o)
 .debug_ranges  0x000003a0       0x38 lib/libopencm3/lib\libopencm3_stm32f4.a(vector.o)
 .debug_ranges  0x000003d8       0x50 lib/libopencm3/lib\libopencm3_stm32f4.a(nvic.o)
 .debug_ranges  0x00000428       0xc8 lib/libopencm3/lib\libopencm3_stm32f4.a(rcc.o)

.debug_line     0x00000000     0x19f6
 .debug_line    0x00000000      0x1d1 tmp/LCD_HD44780.o
 .debug_line    0x000001d1      0x225 tmp/main.o
 .debug_line    0x000003f6      0x173 tmp/dev_ultrasonic.o
 .debug_line    0x00000569      0x10e tmp/led_f4.o
 .debug_line    0x00000677      0x322 tmp/dev_serial.o
 .debug_line    0x00000999      0x2f2 tmp/dev_LCD_HD44780.o
 .debug_line    0x00000c8b      0x1e3 tmp/ringbuf.o
 .debug_line    0x00000e6e       0xef lib/libopencm3/lib\libopencm3_stm32f4.a(gpio_common_all.o)
 .debug_line    0x00000f5d       0xce lib/libopencm3/lib\libopencm3_stm32f4.a(gpio_common_f0234.o)
 .debug_line    0x0000102b      0x24c lib/libopencm3/lib\libopencm3_stm32f4.a(usart_common_all.o)
 .debug_line    0x00001277       0xf6 lib/libopencm3/lib\libopencm3_stm32f4.a(usart_common_f124.o)
 .debug_line    0x0000136d      0x135 lib/libopencm3/lib\libopencm3_stm32f4.a(rcc_common_all.o)
 .debug_line    0x000014a2      0x13d lib/libopencm3/lib\libopencm3_stm32f4.a(vector.o)
 .debug_line    0x000015df      0x103 lib/libopencm3/lib\libopencm3_stm32f4.a(nvic.o)
 .debug_line    0x000016e2      0x314 lib/libopencm3/lib\libopencm3_stm32f4.a(rcc.o)

.debug_str      0x00000000     0x1d66
 .debug_str     0x00000000      0x2db tmp/LCD_HD44780.o
                                0x348 (size before relaxing)
 .debug_str     0x000002db      0x467 tmp/main.o
                                0x64b (size before relaxing)
 .debug_str     0x00000742      0x640 tmp/dev_ultrasonic.o
                                0x84b (size before relaxing)
 .debug_str     0x00000d82        0xd tmp/led_f4.o
                                0x728 (size before relaxing)
 .debug_str     0x00000d8f      0x311 tmp/dev_serial.o
                                0xee1 (size before relaxing)
 .debug_str     0x000010a0       0x8d tmp/dev_LCD_HD44780.o
                                0xde1 (size before relaxing)
 .debug_str     0x0000112d       0xb5 tmp/ringbuf.o
                                0x2dc (size before relaxing)
 .debug_str     0x000011e2      0x159 lib/libopencm3/lib\libopencm3_stm32f4.a(gpio_common_all.o)
                                0x224 (size before relaxing)
 .debug_str     0x0000133b       0x61 lib/libopencm3/lib\libopencm3_stm32f4.a(gpio_common_f0234.o)
                                0x241 (size before relaxing)
 .debug_str     0x0000139c      0x166 lib/libopencm3/lib\libopencm3_stm32f4.a(usart_common_all.o)
                                0x403 (size before relaxing)
 .debug_str     0x00001502       0x36 lib/libopencm3/lib\libopencm3_stm32f4.a(usart_common_f124.o)
                                0x239 (size before relaxing)
 .debug_str     0x00001538      0x320 lib/libopencm3/lib\libopencm3_stm32f4.a(rcc_common_all.o)
                                0xa2d (size before relaxing)
 .debug_str     0x00001858      0x1a5 lib/libopencm3/lib\libopencm3_stm32f4.a(vector.o)
                                0x346 (size before relaxing)
 .debug_str     0x000019fd       0xb3 lib/libopencm3/lib\libopencm3_stm32f4.a(nvic.o)
                                0x275 (size before relaxing)
 .debug_str     0x00001ab0      0x2b6 lib/libopencm3/lib\libopencm3_stm32f4.a(rcc.o)
                                0x4e3 (size before relaxing)

.comment        0x00000000       0x70
 .comment       0x00000000       0x70 tmp/LCD_HD44780.o
                                 0x71 (size before relaxing)
 .comment       0x00000000       0x71 tmp/main.o
 .comment       0x00000000       0x71 tmp/dev_ultrasonic.o
 .comment       0x00000000       0x71 tmp/led_f4.o
 .comment       0x00000000       0x71 tmp/dev_serial.o
 .comment       0x00000000       0x71 tmp/dev_LCD_HD44780.o
 .comment       0x00000000       0x71 tmp/ringbuf.o
 .comment       0x00000000       0x71 lib/libopencm3/lib\libopencm3_stm32f4.a(gpio_common_all.o)
 .comment       0x00000000       0x71 lib/libopencm3/lib\libopencm3_stm32f4.a(gpio_common_f0234.o)
 .comment       0x00000000       0x71 lib/libopencm3/lib\libopencm3_stm32f4.a(usart_common_all.o)
 .comment       0x00000000       0x71 lib/libopencm3/lib\libopencm3_stm32f4.a(usart_common_f124.o)
 .comment       0x00000000       0x71 lib/libopencm3/lib\libopencm3_stm32f4.a(rcc_common_all.o)
 .comment       0x00000000       0x71 lib/libopencm3/lib\libopencm3_stm32f4.a(vector.o)
 .comment       0x00000000       0x71 lib/libopencm3/lib\libopencm3_stm32f4.a(nvic.o)
 .comment       0x00000000       0x71 lib/libopencm3/lib\libopencm3_stm32f4.a(rcc.o)

.ARM.attributes
                0x00000000       0x37
 .ARM.attributes
                0x00000000       0x35 tmp/LCD_HD44780.o
 .ARM.attributes
                0x00000035       0x35 tmp/main.o
 .ARM.attributes
                0x0000006a       0x35 tmp/dev_ultrasonic.o
 .ARM.attributes
                0x0000009f       0x35 tmp/led_f4.o
 .ARM.attributes
                0x000000d4       0x35 tmp/dev_serial.o
 .ARM.attributes
                0x00000109       0x35 tmp/dev_LCD_HD44780.o
 .ARM.attributes
                0x0000013e       0x35 tmp/ringbuf.o
 .ARM.attributes
                0x00000173       0x34 c:/mingw/gnu/bin/../lib/gcc/arm-none-eabi/4.8.3/../../../../arm-none-eabi/lib/armv7e-m/fpu\libc_s.a(lib_a-fopencookie.o)
 .ARM.attributes
                0x000001a7       0x34 c:/mingw/gnu/bin/../lib/gcc/arm-none-eabi/4.8.3/../../../../arm-none-eabi/lib/armv7e-m/fpu\libc_s.a(lib_a-fprintf.o)
 .ARM.attributes
                0x000001db       0x34 c:/mingw/gnu/bin/../lib/gcc/arm-none-eabi/4.8.3/../../../../arm-none-eabi/lib/armv7e-m/fpu\libc_s.a(lib_a-fwrite.o)
 .ARM.attributes
                0x0000020f       0x34 c:/mingw/gnu/bin/../lib/gcc/arm-none-eabi/4.8.3/../../../../arm-none-eabi/lib/armv7e-m/fpu\libc_s.a(lib_a-impure.o)
 .ARM.attributes
                0x00000243       0x34 c:/mingw/gnu/bin/../lib/gcc/arm-none-eabi/4.8.3/../../../../arm-none-eabi/lib/armv7e-m/fpu\libc_s.a(lib_a-memset.o)
 .ARM.attributes
                0x00000277       0x34 c:/mingw/gnu/bin/../lib/gcc/arm-none-eabi/4.8.3/../../../../arm-none-eabi/lib/armv7e-m/fpu\libc_s.a(lib_a-nano-freer.o)
 .ARM.attributes
                0x000002ab       0x34 c:/mingw/gnu/bin/../lib/gcc/arm-none-eabi/4.8.3/../../../../arm-none-eabi/lib/armv7e-m/fpu\libc_s.a(lib_a-nano-mallocr.o)
 .ARM.attributes
                0x000002df       0x34 c:/mingw/gnu/bin/../lib/gcc/arm-none-eabi/4.8.3/../../../../arm-none-eabi/lib/armv7e-m/fpu\libc_s.a(lib_a-sbrkr.o)
 .ARM.attributes
                0x00000313       0x34 c:/mingw/gnu/bin/../lib/gcc/arm-none-eabi/4.8.3/../../../../arm-none-eabi/lib/armv7e-m/fpu\libc_s.a(lib_a-setvbuf.o)
 .ARM.attributes
                0x00000347       0x34 c:/mingw/gnu/bin/../lib/gcc/arm-none-eabi/4.8.3/../../../../arm-none-eabi/lib/armv7e-m/fpu\libc_s.a(lib_a-vfprintf.o)
 .ARM.attributes
                0x0000037b       0x34 c:/mingw/gnu/bin/../lib/gcc/arm-none-eabi/4.8.3/../../../../arm-none-eabi/lib/armv7e-m/fpu\libc_s.a(lib_a-vfprintf_float.o)
 .ARM.attributes
                0x000003af       0x34 c:/mingw/gnu/bin/../lib/gcc/arm-none-eabi/4.8.3/../../../../arm-none-eabi/lib/armv7e-m/fpu\libc_s.a(lib_a-vfprintf_i.o)
 .ARM.attributes
                0x000003e3       0x34 c:/mingw/gnu/bin/../lib/gcc/arm-none-eabi/4.8.3/../../../../arm-none-eabi/lib/armv7e-m/fpu\libc_s.a(lib_a-wbuf.o)
 .ARM.attributes
                0x00000417       0x34 c:/mingw/gnu/bin/../lib/gcc/arm-none-eabi/4.8.3/../../../../arm-none-eabi/lib/armv7e-m/fpu\libc_s.a(lib_a-wsetup.o)
 .ARM.attributes
                0x0000044b       0x34 c:/mingw/gnu/bin/../lib/gcc/arm-none-eabi/4.8.3/../../../../arm-none-eabi/lib/armv7e-m/fpu\libc_s.a(lib_a-dtoa.o)
 .ARM.attributes
                0x0000047f       0x34 c:/mingw/gnu/bin/../lib/gcc/arm-none-eabi/4.8.3/../../../../arm-none-eabi/lib/armv7e-m/fpu\libc_s.a(lib_a-errno.o)
 .ARM.attributes
                0x000004b3       0x34 c:/mingw/gnu/bin/../lib/gcc/arm-none-eabi/4.8.3/../../../../arm-none-eabi/lib/armv7e-m/fpu\libc_s.a(lib_a-fflush.o)
 .ARM.attributes
                0x000004e7       0x34 c:/mingw/gnu/bin/../lib/gcc/arm-none-eabi/4.8.3/../../../../arm-none-eabi/lib/armv7e-m/fpu\libc_s.a(lib_a-findfp.o)
 .ARM.attributes
                0x0000051b       0x34 c:/mingw/gnu/bin/../lib/gcc/arm-none-eabi/4.8.3/../../../../arm-none-eabi/lib/armv7e-m/fpu\libc_s.a(lib_a-flags.o)
 .ARM.attributes
                0x0000054f       0x34 c:/mingw/gnu/bin/../lib/gcc/arm-none-eabi/4.8.3/../../../../arm-none-eabi/lib/armv7e-m/fpu\libc_s.a(lib_a-locale.o)
 .ARM.attributes
                0x00000583       0x34 c:/mingw/gnu/bin/../lib/gcc/arm-none-eabi/4.8.3/../../../../arm-none-eabi/lib/armv7e-m/fpu\libc_s.a(lib_a-makebuf.o)
 .ARM.attributes
                0x000005b7       0x34 c:/mingw/gnu/bin/../lib/gcc/arm-none-eabi/4.8.3/../../../../arm-none-eabi/lib/armv7e-m/fpu\libc_s.a(lib_a-malloc.o)
 .ARM.attributes
                0x000005eb       0x34 c:/mingw/gnu/bin/../lib/gcc/arm-none-eabi/4.8.3/../../../../arm-none-eabi/lib/armv7e-m/fpu\libc_s.a(lib_a-memchr-stub.o)
 .ARM.attributes
                0x0000061f       0x34 c:/mingw/gnu/bin/../lib/gcc/arm-none-eabi/4.8.3/../../../../arm-none-eabi/lib/armv7e-m/fpu\libc_s.a(lib_a-memcpy-stub.o)
 .ARM.attributes
                0x00000653       0x34 c:/mingw/gnu/bin/../lib/gcc/arm-none-eabi/4.8.3/../../../../arm-none-eabi/lib/armv7e-m/fpu\libc_s.a(lib_a-mprec.o)
 .ARM.attributes
                0x00000687       0x34 c:/mingw/gnu/bin/../lib/gcc/arm-none-eabi/4.8.3/../../../../arm-none-eabi/lib/armv7e-m/fpu\libc_s.a(lib_a-nano-callocr.o)
 .ARM.attributes
                0x000006bb       0x34 c:/mingw/gnu/bin/../lib/gcc/arm-none-eabi/4.8.3/../../../../arm-none-eabi/lib/armv7e-m/fpu\libc_s.a(lib_a-reent.o)
 .ARM.attributes
                0x000006ef       0x34 c:/mingw/gnu/bin/../lib/gcc/arm-none-eabi/4.8.3/../../../../arm-none-eabi/lib/armv7e-m/fpu\libc_s.a(lib_a-s_fpclassify.o)
 .ARM.attributes
                0x00000723       0x34 c:/mingw/gnu/bin/../lib/gcc/arm-none-eabi/4.8.3/../../../../arm-none-eabi/lib/armv7e-m/fpu\libc_s.a(lib_a-stdio.o)
 .ARM.attributes
                0x00000757       0x34 c:/mingw/gnu/bin/../lib/gcc/arm-none-eabi/4.8.3/../../../../arm-none-eabi/lib/armv7e-m/fpu\libc_s.a(lib_a-strlen.o)
 .ARM.attributes
                0x0000078b       0x34 c:/mingw/gnu/bin/../lib/gcc/arm-none-eabi/4.8.3/../../../../arm-none-eabi/lib/armv7e-m/fpu\libc_s.a(lib_a-writer.o)
 .ARM.attributes
                0x000007bf       0x34 c:/mingw/gnu/bin/../lib/gcc/arm-none-eabi/4.8.3/../../../../arm-none-eabi/lib/armv7e-m/fpu\libc_s.a(lib_a-closer.o)
 .ARM.attributes
                0x000007f3       0x34 c:/mingw/gnu/bin/../lib/gcc/arm-none-eabi/4.8.3/../../../../arm-none-eabi/lib/armv7e-m/fpu\libc_s.a(lib_a-fstatr.o)
 .ARM.attributes
                0x00000827       0x34 c:/mingw/gnu/bin/../lib/gcc/arm-none-eabi/4.8.3/../../../../arm-none-eabi/lib/armv7e-m/fpu\libc_s.a(lib_a-isattyr.o)
 .ARM.attributes
                0x0000085b       0x34 c:/mingw/gnu/bin/../lib/gcc/arm-none-eabi/4.8.3/../../../../arm-none-eabi/lib/armv7e-m/fpu\libc_s.a(lib_a-lseekr.o)
 .ARM.attributes
                0x0000088f       0x34 c:/mingw/gnu/bin/../lib/gcc/arm-none-eabi/4.8.3/../../../../arm-none-eabi/lib/armv7e-m/fpu\libc_s.a(lib_a-readr.o)
 .ARM.attributes
                0x000008c3       0x22 c:/mingw/gnu/bin/../lib/gcc/arm-none-eabi/4.8.3/armv7e-m/fpu\libgcc.a(_arm_addsubdf3.o)
 .ARM.attributes
                0x000008e5       0x22 c:/mingw/gnu/bin/../lib/gcc/arm-none-eabi/4.8.3/armv7e-m/fpu\libgcc.a(_arm_muldivdf3.o)
 .ARM.attributes
                0x00000907       0x22 c:/mingw/gnu/bin/../lib/gcc/arm-none-eabi/4.8.3/armv7e-m/fpu\libgcc.a(_arm_cmpdf2.o)
 .ARM.attributes
                0x00000929       0x22 c:/mingw/gnu/bin/../lib/gcc/arm-none-eabi/4.8.3/armv7e-m/fpu\libgcc.a(_arm_fixdfsi.o)
 .ARM.attributes
                0x0000094b       0x34 c:/mingw/gnu/bin/../lib/gcc/arm-none-eabi/4.8.3/../../../../arm-none-eabi/lib/armv7e-m/fpu\libnosys.a(close.o)
 .ARM.attributes
                0x0000097f       0x34 c:/mingw/gnu/bin/../lib/gcc/arm-none-eabi/4.8.3/../../../../arm-none-eabi/lib/armv7e-m/fpu\libnosys.a(fstat.o)
 .ARM.attributes
                0x000009b3       0x34 c:/mingw/gnu/bin/../lib/gcc/arm-none-eabi/4.8.3/../../../../arm-none-eabi/lib/armv7e-m/fpu\libnosys.a(isatty.o)
 .ARM.attributes
                0x000009e7       0x34 c:/mingw/gnu/bin/../lib/gcc/arm-none-eabi/4.8.3/../../../../arm-none-eabi/lib/armv7e-m/fpu\libnosys.a(lseek.o)
 .ARM.attributes
                0x00000a1b       0x34 c:/mingw/gnu/bin/../lib/gcc/arm-none-eabi/4.8.3/../../../../arm-none-eabi/lib/armv7e-m/fpu\libnosys.a(read.o)
 .ARM.attributes
                0x00000a4f       0x34 c:/mingw/gnu/bin/../lib/gcc/arm-none-eabi/4.8.3/../../../../arm-none-eabi/lib/armv7e-m/fpu\libnosys.a(sbrk.o)
 .ARM.attributes
                0x00000a83       0x34 c:/mingw/gnu/bin/../lib/gcc/arm-none-eabi/4.8.3/../../../../arm-none-eabi/lib/armv7e-m/fpu\libnosys.a(write.o)
 .ARM.attributes
                0x00000ab7       0x39 lib/libopencm3/lib\libopencm3_stm32f4.a(gpio_common_all.o)
 .ARM.attributes
                0x00000af0       0x39 lib/libopencm3/lib\libopencm3_stm32f4.a(gpio_common_f0234.o)
 .ARM.attributes
                0x00000b29       0x39 lib/libopencm3/lib\libopencm3_stm32f4.a(usart_common_all.o)
 .ARM.attributes
                0x00000b62       0x39 lib/libopencm3/lib\libopencm3_stm32f4.a(usart_common_f124.o)
 .ARM.attributes
                0x00000b9b       0x39 lib/libopencm3/lib\libopencm3_stm32f4.a(rcc_common_all.o)
 .ARM.attributes
                0x00000bd4       0x39 lib/libopencm3/lib\libopencm3_stm32f4.a(vector.o)
 .ARM.attributes
                0x00000c0d       0x39 lib/libopencm3/lib\libopencm3_stm32f4.a(nvic.o)
 .ARM.attributes
                0x00000c46       0x39 lib/libopencm3/lib\libopencm3_stm32f4.a(rcc.o)

.debug_frame    0x00000000     0x183c
 .debug_frame   0x00000000       0xd8 tmp/LCD_HD44780.o
 .debug_frame   0x000000d8       0x58 tmp/main.o
 .debug_frame   0x00000130       0x94 tmp/dev_ultrasonic.o
 .debug_frame   0x000001c4       0x28 tmp/led_f4.o
 .debug_frame   0x000001ec      0x15c tmp/dev_serial.o
 .debug_frame   0x00000348       0xc8 tmp/dev_LCD_HD44780.o
 .debug_frame   0x00000410      0x120 tmp/ringbuf.o
 .debug_frame   0x00000530       0xdc c:/mingw/gnu/bin/../lib/gcc/arm-none-eabi/4.8.3/../../../../arm-none-eabi/lib/armv7e-m/fpu\libc_s.a(lib_a-fopencookie.o)
 .debug_frame   0x0000060c       0x58 c:/mingw/gnu/bin/../lib/gcc/arm-none-eabi/4.8.3/../../../../arm-none-eabi/lib/armv7e-m/fpu\libc_s.a(lib_a-fprintf.o)
 .debug_frame   0x00000664       0x54 c:/mingw/gnu/bin/../lib/gcc/arm-none-eabi/4.8.3/../../../../arm-none-eabi/lib/armv7e-m/fpu\libc_s.a(lib_a-fwrite.o)
 .debug_frame   0x000006b8       0x20 c:/mingw/gnu/bin/../lib/gcc/arm-none-eabi/4.8.3/../../../../arm-none-eabi/lib/armv7e-m/fpu\libc_s.a(lib_a-memset.o)
 .debug_frame   0x000006d8       0x2c c:/mingw/gnu/bin/../lib/gcc/arm-none-eabi/4.8.3/../../../../arm-none-eabi/lib/armv7e-m/fpu\libc_s.a(lib_a-nano-freer.o)
 .debug_frame   0x00000704       0x2c c:/mingw/gnu/bin/../lib/gcc/arm-none-eabi/4.8.3/../../../../arm-none-eabi/lib/armv7e-m/fpu\libc_s.a(lib_a-nano-mallocr.o)
 .debug_frame   0x00000730       0x2c c:/mingw/gnu/bin/../lib/gcc/arm-none-eabi/4.8.3/../../../../arm-none-eabi/lib/armv7e-m/fpu\libc_s.a(lib_a-sbrkr.o)
 .debug_frame   0x0000075c       0x30 c:/mingw/gnu/bin/../lib/gcc/arm-none-eabi/4.8.3/../../../../arm-none-eabi/lib/armv7e-m/fpu\libc_s.a(lib_a-setvbuf.o)
 .debug_frame   0x0000078c       0xa8 c:/mingw/gnu/bin/../lib/gcc/arm-none-eabi/4.8.3/../../../../arm-none-eabi/lib/armv7e-m/fpu\libc_s.a(lib_a-vfprintf.o)
 .debug_frame   0x00000834       0x80 c:/mingw/gnu/bin/../lib/gcc/arm-none-eabi/4.8.3/../../../../arm-none-eabi/lib/armv7e-m/fpu\libc_s.a(lib_a-vfprintf_float.o)
 .debug_frame   0x000008b4       0x60 c:/mingw/gnu/bin/../lib/gcc/arm-none-eabi/4.8.3/../../../../arm-none-eabi/lib/armv7e-m/fpu\libc_s.a(lib_a-vfprintf_i.o)
 .debug_frame   0x00000914       0x3c c:/mingw/gnu/bin/../lib/gcc/arm-none-eabi/4.8.3/../../../../arm-none-eabi/lib/armv7e-m/fpu\libc_s.a(lib_a-wbuf.o)
 .debug_frame   0x00000950       0x2c c:/mingw/gnu/bin/../lib/gcc/arm-none-eabi/4.8.3/../../../../arm-none-eabi/lib/armv7e-m/fpu\libc_s.a(lib_a-wsetup.o)
 .debug_frame   0x0000097c       0x68 c:/mingw/gnu/bin/../lib/gcc/arm-none-eabi/4.8.3/../../../../arm-none-eabi/lib/armv7e-m/fpu\libc_s.a(lib_a-dtoa.o)
 .debug_frame   0x000009e4       0x20 c:/mingw/gnu/bin/../lib/gcc/arm-none-eabi/4.8.3/../../../../arm-none-eabi/lib/armv7e-m/fpu\libc_s.a(lib_a-errno.o)
 .debug_frame   0x00000a04       0x5c c:/mingw/gnu/bin/../lib/gcc/arm-none-eabi/4.8.3/../../../../arm-none-eabi/lib/armv7e-m/fpu\libc_s.a(lib_a-fflush.o)
 .debug_frame   0x00000a60      0x12c c:/mingw/gnu/bin/../lib/gcc/arm-none-eabi/4.8.3/../../../../arm-none-eabi/lib/armv7e-m/fpu\libc_s.a(lib_a-findfp.o)
 .debug_frame   0x00000b8c       0x2c c:/mingw/gnu/bin/../lib/gcc/arm-none-eabi/4.8.3/../../../../arm-none-eabi/lib/armv7e-m/fpu\libc_s.a(lib_a-flags.o)
 .debug_frame   0x00000bb8       0x98 c:/mingw/gnu/bin/../lib/gcc/arm-none-eabi/4.8.3/../../../../arm-none-eabi/lib/armv7e-m/fpu\libc_s.a(lib_a-locale.o)
 .debug_frame   0x00000c50       0x30 c:/mingw/gnu/bin/../lib/gcc/arm-none-eabi/4.8.3/../../../../arm-none-eabi/lib/armv7e-m/fpu\libc_s.a(lib_a-makebuf.o)
 .debug_frame   0x00000c80       0x30 c:/mingw/gnu/bin/../lib/gcc/arm-none-eabi/4.8.3/../../../../arm-none-eabi/lib/armv7e-m/fpu\libc_s.a(lib_a-malloc.o)
 .debug_frame   0x00000cb0       0x28 c:/mingw/gnu/bin/../lib/gcc/arm-none-eabi/4.8.3/../../../../arm-none-eabi/lib/armv7e-m/fpu\libc_s.a(lib_a-memchr-stub.o)
 .debug_frame   0x00000cd8       0x28 c:/mingw/gnu/bin/../lib/gcc/arm-none-eabi/4.8.3/../../../../arm-none-eabi/lib/armv7e-m/fpu\libc_s.a(lib_a-memcpy-stub.o)
 .debug_frame   0x00000d00      0x230 c:/mingw/gnu/bin/../lib/gcc/arm-none-eabi/4.8.3/../../../../arm-none-eabi/lib/armv7e-m/fpu\libc_s.a(lib_a-mprec.o)
 .debug_frame   0x00000f30       0x2c c:/mingw/gnu/bin/../lib/gcc/arm-none-eabi/4.8.3/../../../../arm-none-eabi/lib/armv7e-m/fpu\libc_s.a(lib_a-nano-callocr.o)
 .debug_frame   0x00000f5c       0x48 c:/mingw/gnu/bin/../lib/gcc/arm-none-eabi/4.8.3/../../../../arm-none-eabi/lib/armv7e-m/fpu\libc_s.a(lib_a-reent.o)
 .debug_frame   0x00000fa4       0x28 c:/mingw/gnu/bin/../lib/gcc/arm-none-eabi/4.8.3/../../../../arm-none-eabi/lib/armv7e-m/fpu\libc_s.a(lib_a-s_fpclassify.o)
 .debug_frame   0x00000fcc       0x80 c:/mingw/gnu/bin/../lib/gcc/arm-none-eabi/4.8.3/../../../../arm-none-eabi/lib/armv7e-m/fpu\libc_s.a(lib_a-stdio.o)
 .debug_frame   0x0000104c       0x20 c:/mingw/gnu/bin/../lib/gcc/arm-none-eabi/4.8.3/../../../../arm-none-eabi/lib/armv7e-m/fpu\libc_s.a(lib_a-strlen.o)
 .debug_frame   0x0000106c       0x2c c:/mingw/gnu/bin/../lib/gcc/arm-none-eabi/4.8.3/../../../../arm-none-eabi/lib/armv7e-m/fpu\libc_s.a(lib_a-writer.o)
 .debug_frame   0x00001098       0x2c c:/mingw/gnu/bin/../lib/gcc/arm-none-eabi/4.8.3/../../../../arm-none-eabi/lib/armv7e-m/fpu\libc_s.a(lib_a-closer.o)
 .debug_frame   0x000010c4       0x2c c:/mingw/gnu/bin/../lib/gcc/arm-none-eabi/4.8.3/../../../../arm-none-eabi/lib/armv7e-m/fpu\libc_s.a(lib_a-fstatr.o)
 .debug_frame   0x000010f0       0x2c c:/mingw/gnu/bin/../lib/gcc/arm-none-eabi/4.8.3/../../../../arm-none-eabi/lib/armv7e-m/fpu\libc_s.a(lib_a-isattyr.o)
 .debug_frame   0x0000111c       0x2c c:/mingw/gnu/bin/../lib/gcc/arm-none-eabi/4.8.3/../../../../arm-none-eabi/lib/armv7e-m/fpu\libc_s.a(lib_a-lseekr.o)
 .debug_frame   0x00001148       0x2c c:/mingw/gnu/bin/../lib/gcc/arm-none-eabi/4.8.3/../../../../arm-none-eabi/lib/armv7e-m/fpu\libc_s.a(lib_a-readr.o)
 .debug_frame   0x00001174       0x20 c:/mingw/gnu/bin/../lib/gcc/arm-none-eabi/4.8.3/../../../../arm-none-eabi/lib/armv7e-m/fpu\libnosys.a(close.o)
 .debug_frame   0x00001194       0x20 c:/mingw/gnu/bin/../lib/gcc/arm-none-eabi/4.8.3/../../../../arm-none-eabi/lib/armv7e-m/fpu\libnosys.a(fstat.o)
 .debug_frame   0x000011b4       0x20 c:/mingw/gnu/bin/../lib/gcc/arm-none-eabi/4.8.3/../../../../arm-none-eabi/lib/armv7e-m/fpu\libnosys.a(isatty.o)
 .debug_frame   0x000011d4       0x20 c:/mingw/gnu/bin/../lib/gcc/arm-none-eabi/4.8.3/../../../../arm-none-eabi/lib/armv7e-m/fpu\libnosys.a(lseek.o)
 .debug_frame   0x000011f4       0x20 c:/mingw/gnu/bin/../lib/gcc/arm-none-eabi/4.8.3/../../../../arm-none-eabi/lib/armv7e-m/fpu\libnosys.a(read.o)
 .debug_frame   0x00001214       0x20 c:/mingw/gnu/bin/../lib/gcc/arm-none-eabi/4.8.3/../../../../arm-none-eabi/lib/armv7e-m/fpu\libnosys.a(sbrk.o)
 .debug_frame   0x00001234       0x20 c:/mingw/gnu/bin/../lib/gcc/arm-none-eabi/4.8.3/../../../../arm-none-eabi/lib/armv7e-m/fpu\libnosys.a(write.o)
 .debug_frame   0x00001254       0x80 lib/libopencm3/lib\libopencm3_stm32f4.a(gpio_common_all.o)
 .debug_frame   0x000012d4       0x6c lib/libopencm3/lib\libopencm3_stm32f4.a(gpio_common_f0234.o)
 .debug_frame   0x00001340      0x16c lib/libopencm3/lib\libopencm3_stm32f4.a(usart_common_all.o)
 .debug_frame   0x000014ac       0x70 lib/libopencm3/lib\libopencm3_stm32f4.a(usart_common_f124.o)
 .debug_frame   0x0000151c       0xa0 lib/libopencm3/lib\libopencm3_stm32f4.a(rcc_common_all.o)
 .debug_frame   0x000015bc       0x40 lib/libopencm3/lib\libopencm3_stm32f4.a(vector.o)
 .debug_frame   0x000015fc       0xa0 lib/libopencm3/lib\libopencm3_stm32f4.a(nvic.o)
 .debug_frame   0x0000169c      0x1a0 lib/libopencm3/lib\libopencm3_stm32f4.a(rcc.o)

.stab           0x00000000       0x9c
 .stab          0x00000000       0x24 c:/mingw/gnu/bin/../lib/gcc/arm-none-eabi/4.8.3/../../../../arm-none-eabi/lib/armv7e-m/fpu\libnosys.a(close.o)
 .stab          0x00000024       0x18 c:/mingw/gnu/bin/../lib/gcc/arm-none-eabi/4.8.3/../../../../arm-none-eabi/lib/armv7e-m/fpu\libnosys.a(fstat.o)
                                 0x24 (size before relaxing)
 .stab          0x0000003c       0x18 c:/mingw/gnu/bin/../lib/gcc/arm-none-eabi/4.8.3/../../../../arm-none-eabi/lib/armv7e-m/fpu\libnosys.a(isatty.o)
                                 0x24 (size before relaxing)
 .stab          0x00000054       0x18 c:/mingw/gnu/bin/../lib/gcc/arm-none-eabi/4.8.3/../../../../arm-none-eabi/lib/armv7e-m/fpu\libnosys.a(lseek.o)
                                 0x24 (size before relaxing)
 .stab          0x0000006c       0x18 c:/mingw/gnu/bin/../lib/gcc/arm-none-eabi/4.8.3/../../../../arm-none-eabi/lib/armv7e-m/fpu\libnosys.a(read.o)
                                 0x24 (size before relaxing)
 .stab          0x00000084       0x18 c:/mingw/gnu/bin/../lib/gcc/arm-none-eabi/4.8.3/../../../../arm-none-eabi/lib/armv7e-m/fpu\libnosys.a(write.o)
                                 0x24 (size before relaxing)

.stabstr        0x00000000      0x14d
 .stabstr       0x00000000      0x14d c:/mingw/gnu/bin/../lib/gcc/arm-none-eabi/4.8.3/../../../../arm-none-eabi/lib/armv7e-m/fpu\libnosys.a(close.o)
